// Jest Snapshot v1, https://goo.gl/fbAQLP

exports[`matches snapshot 1`] = `
<div
  className="control"
>
  <button
    className="button is-link "
    id="id"
    type="submit"
  >
    Submit
  </button>
</div>
`;
