// Jest Snapshot v1, https://goo.gl/fbAQLP

exports[`matches snapshot 1`] = `
<p
  className="notification is-success"
>
  Â¡Muchas gracias por inscribirse! Nos pondremos en contacto con usted a la brevedad.
</p>
`;
