// Jest Snapshot v1, https://goo.gl/fbAQLP

exports[`matches snapshot 1`] = `
<div
  className="control flx justify-center"
>
  <button
    className="
      button is-primary w-33
      
      "
    id="id"
    type="submit"
  >
    Enviar
  </button>
</div>
`;
